
> namma-madurai@0.0.0 build
> vite build

[36mvite v5.4.19 [32mbuilding for production...[36m[39m
transforming...
[32mΓ£ô[39m 13 modules transformed.
node.exe : [31mx[39m 
Build failed in 990ms
At C:\Program 
Files\nodejs\npm.ps1:29 
char:3
+   & $NODE_EXE 
$NPM_CLI_JS $args
+   ~~~~~~~~~~~~~~~~~~~~
~~~~~~~~~
    + CategoryInfo      
        : NotSpecified  
  : ([31mx[39m Buil   
 d failed in 990ms:S    
tring) [], RemoteEx    
ception
    + FullyQualifiedErr 
   orId : NativeComman  
  dError
 
[31merror during build:
[31m[vite:esbuild] 
Transform failed with 5 
errors:
C:/UIpath/SDC Submit/Web
site/Namma-Madurai/src/p
ages/user/UserDashboard.
tsx:317:20: ERROR: 
Unexpected closing 
"div" tag does not 
match opening 
"CardContent" tag
C:/UIpath/SDC Submit/Web
site/Namma-Madurai/src/p
ages/user/UserDashboard.
tsx:318:18: ERROR: 
Unexpected closing 
"div" tag does not 
match opening "Card" tag
C:/UIpath/SDC Submit/Web
site/Namma-Madurai/src/p
ages/user/UserDashboard.
tsx:320:14: ERROR: 
Unexpected closing 
"CardContent" tag does 
not match opening "div" 
tag
C:/UIpath/SDC Submit/Web
site/Namma-Madurai/src/p
ages/user/UserDashboard.
tsx:321:12: ERROR: 
Unexpected closing 
"Card" tag does not 
match opening "div" tag
C:/UIpath/SDC Submit/Web
site/Namma-Madurai/src/p
ages/user/UserDashboard.
tsx:323:10: ERROR: 
Expected ")" but found 
"{"[31m
file: 
[36mC:/UIpath/SDC Submi
t/Website/Namma-Madurai/
src/pages/user/UserDashb
oard.tsx:317:20[31m
[33m
[33mUnexpected closing 
"div" tag does not 
match opening 
"CardContent" tag[33m
315|                  
</div>
316|                
</div>
317|                    
</div>
   |                    
  ^
318|                  
</div>
319|                
</div>

[33mUnexpected closing 
"div" tag does not 
match opening "Card" 
tag[33m
316|                
</div>
317|                    
</div>
318|                  
</div>
   |                    
^
319|                
</div>
320|              
</CardContent>

[33mUnexpected closing 
"CardContent" tag does 
not match opening "div" 
tag[33m
318|                  
</div>
319|                
</div>
320|              
</CardContent>
   |                ^
321|            </Card>
322|  

[33mUnexpected closing 
"Card" tag does not 
match opening "div" 
tag[33m
319|                
</div>
320|              
</CardContent>
321|            </Card>
   |              ^
322|  
323|            {/* 
Card 2: Reporting 
Trends */}

[33mExpected ")" but 
found "{"[33m
321|            </Card>
322|  
323|            {/* 
Card 2: Reporting 
Trends */}
   |            ^
324|            <Card cl
assName="rounded-[20px] 
border-none shadow-sm 
bg-white flex-1 flex 
flex-col font-sans">
325|              
<CardContent 
className="p-6 flex-1 
flex flex-col">
[31m
    at 
failureErrorWithLog 
(C:\UIpath\SDC Submit\We
bsite\Namma-Madurai\node
_modules\esbuild\lib\mai
n.js:1472:15)
    at C:\UIpath\SDC Sub
mit\Website\Namma-Madura
i\node_modules\esbuild\l
ib\main.js:755:50
    at responseCallbacks
.<computed> 
(C:\UIpath\SDC Submit\We
bsite\Namma-Madurai\node
_modules\esbuild\lib\mai
n.js:622:9)
    at 
handleIncomingPacket 
(C:\UIpath\SDC Submit\We
bsite\Namma-Madurai\node
_modules\esbuild\lib\mai
n.js:677:12)
    at 
Socket.readFromStdout 
(C:\UIpath\SDC Submit\We
bsite\Namma-Madurai\node
_modules\esbuild\lib\mai
n.js:600:7)
    at Socket.emit 
(node:events:518:28)
    at addChunk (node:in
ternal/streams/readable:
561:12)
    at readableAddChunkP
ushByteMode (node:intern
al/streams/readable:512:
3)
    at Readable.push (no
de:internal/streams/read
able:392:5)
    at 
Pipe.onStreamRead (node:
internal/stream_base_com
mons:189:23)[39m
